supabase/functions/_shared/supabaseAdmin.ts(1,30): error TS2307: Cannot find module 'https://esm.sh/@supabase/supabase-js@2' or its corresponding type declarations.
supabase/functions/_shared/supabaseAdmin.ts(4,25): error TS2304: Cannot find name 'Deno'.
supabase/functions/_shared/supabaseAdmin.ts(5,32): error TS2304: Cannot find name 'Deno'.
supabase/functions/admin-stats/index.ts(1,23): error TS2307: Cannot find module 'https://deno.land/std@0.168.0/http/server.ts' or its corresponding type declarations.
supabase/functions/admin-stats/index.ts(2,29): error TS5097: An import path can only end with a '.ts' extension when 'allowImportingTsExtensions' is enabled.
supabase/functions/admin-stats/index.ts(3,29): error TS5097: An import path can only end with a '.ts' extension when 'allowImportingTsExtensions' is enabled.
supabase/functions/admin-stats/index.ts(5,14): error TS7006: Parameter 'req' implicitly has an 'any' type.
supabase/functions/admin-stats/index.ts(27,53): error TS18046: 'error' is of type 'unknown'.
supabase/functions/booking-create/index.ts(1,23): error TS2307: Cannot find module 'https://deno.land/std@0.168.0/http/server.ts' or its corresponding type declarations.
supabase/functions/booking-create/index.ts(2,29): error TS5097: An import path can only end with a '.ts' extension when 'allowImportingTsExtensions' is enabled.
supabase/functions/booking-create/index.ts(3,29): error TS5097: An import path can only end with a '.ts' extension when 'allowImportingTsExtensions' is enabled.
supabase/functions/booking-create/index.ts(5,14): error TS7006: Parameter 'req' implicitly has an 'any' type.
supabase/functions/booking-create/index.ts(68,25): error TS2304: Cannot find name 'Deno'.
supabase/functions/booking-create/index.ts(83,53): error TS18046: 'error' is of type 'unknown'.
supabase/functions/otp-send/index.ts(1,23): error TS2307: Cannot find module 'https://deno.land/std@0.168.0/http/server.ts' or its corresponding type declarations.
supabase/functions/otp-send/index.ts(2,29): error TS5097: An import path can only end with a '.ts' extension when 'allowImportingTsExtensions' is enabled.
supabase/functions/otp-send/index.ts(3,29): error TS5097: An import path can only end with a '.ts' extension when 'allowImportingTsExtensions' is enabled.
supabase/functions/otp-send/index.ts(5,14): error TS7006: Parameter 'req' implicitly has an 'any' type.
supabase/functions/otp-send/index.ts(26,25): error TS2304: Cannot find name 'Deno'.
supabase/functions/otp-send/index.ts(40,53): error TS18046: 'error' is of type 'unknown'.
supabase/functions/otp-verify/index.ts(1,23): error TS2307: Cannot find module 'https://deno.land/std@0.168.0/http/server.ts' or its corresponding type declarations.
supabase/functions/otp-verify/index.ts(2,29): error TS5097: An import path can only end with a '.ts' extension when 'allowImportingTsExtensions' is enabled.
supabase/functions/otp-verify/index.ts(3,29): error TS5097: An import path can only end with a '.ts' extension when 'allowImportingTsExtensions' is enabled.
supabase/functions/otp-verify/index.ts(5,14): error TS7006: Parameter 'req' implicitly has an 'any' type.
supabase/functions/otp-verify/index.ts(43,53): error TS18046: 'error' is of type 'unknown'.
supabase/functions/review-gate/index.ts(1,23): error TS2307: Cannot find module 'https://deno.land/std@0.168.0/http/server.ts' or its corresponding type declarations.
supabase/functions/review-gate/index.ts(2,29): error TS5097: An import path can only end with a '.ts' extension when 'allowImportingTsExtensions' is enabled.
supabase/functions/review-gate/index.ts(3,29): error TS5097: An import path can only end with a '.ts' extension when 'allowImportingTsExtensions' is enabled.
supabase/functions/review-gate/index.ts(5,14): error TS7006: Parameter 'req' implicitly has an 'any' type.
supabase/functions/review-gate/index.ts(39,53): error TS18046: 'error' is of type 'unknown'.
supabase/functions/slot-availability/index.ts(1,23): error TS2307: Cannot find module 'https://deno.land/std@0.168.0/http/server.ts' or its corresponding type declarations.
supabase/functions/slot-availability/index.ts(2,29): error TS5097: An import path can only end with a '.ts' extension when 'allowImportingTsExtensions' is enabled.
supabase/functions/slot-availability/index.ts(3,29): error TS5097: An import path can only end with a '.ts' extension when 'allowImportingTsExtensions' is enabled.
